Test of aggregate exception with inner ex.
Ex one
Ex two
