MeepMeep - A super simple workload utility for the Couchbase .Net client. v0.1.0
Copyright © 2013 Daniel Wertheim

  -n, --nodes                (Default: "http://127.0.0.1:8091/pools") Space
                             separated list of nodes to connect to.

  -b, --bucket               (Default: "default") Name of the Bucket

  -p, --bucketpassword       (Default: "") Password for the bucket.

  -c, --num-clients          (Default: 1) Number of client sessions.

  -s, --wl-size              (Default: 1) The workload size. Depending on
                             Workload, it could e.g. represent the num of
                             documents to work with (per client session).

  --doc-sample-path          (Default: "") Path to a file with an UTF8 JSON
                             document, e.g used for inserts.

  --doc-key-prefix           (Default: "mm") Used as a prefix to generated
                             document keys.

  --doc-key-seed             (Default: 0) Used as a starting seed when
                             generating document keys.

  --clusteruser              (Default: "") Username for the cluster.

  --clusterpassword          (Default: "") Password for the cluster.

  --max-concurrency-level    (Default: <null>) Will control the maximum
                             concurrency level used to control how many client
                             tasks that will be executed in parallel.

  --threadpool-min           (Default: <null>) Min number of threads to be set
                             on the underlying shared threadpool.

  --threadpool-max           (Default: <null>) Max number of threads to be set
                             on the underlying shared threadpool.

  -w, --warmup-ms            (Default: 500) Determines how long time (ms) it
                             takes before a work load's operation results is
                             being seen as part of the workload.

  -v, --verbose              (Default: False) Determines detail level of output
                             generated by output writers etc.

  -h, --help                 Display this help screen.